 
****************************************
check_design summary:
Version:     Q-2019.12-SP5-5
Date:        Wed Feb 25 19:55:03 2026
****************************************

                   Name                                            Total
--------------------------------------------------------------------------------
Inputs/Outputs                                                    217
    Unconnected ports (LINT-28)                                    43
    Feedthrough (LINT-29)                                          32
    Shorted outputs (LINT-31)                                      69
    Constant outputs (LINT-52)                                     73
--------------------------------------------------------------------------------

Warning: In design 'CC_TOP', port 'mem_rid_i[3]' is not connected to any nets. (LINT-28)
Warning: In design 'CC_TOP', port 'mem_rid_i[2]' is not connected to any nets. (LINT-28)
Warning: In design 'CC_TOP', port 'mem_rid_i[1]' is not connected to any nets. (LINT-28)
Warning: In design 'CC_TOP', port 'mem_rid_i[0]' is not connected to any nets. (LINT-28)
Warning: In design 'CC_CFG', port 'pwdata_i[31]' is not connected to any nets. (LINT-28)
Warning: In design 'CC_CFG', port 'pwdata_i[30]' is not connected to any nets. (LINT-28)
Warning: In design 'CC_CFG', port 'pwdata_i[29]' is not connected to any nets. (LINT-28)
Warning: In design 'CC_CFG', port 'pwdata_i[28]' is not connected to any nets. (LINT-28)
Warning: In design 'CC_CFG', port 'pwdata_i[27]' is not connected to any nets. (LINT-28)
Warning: In design 'CC_CFG', port 'pwdata_i[26]' is not connected to any nets. (LINT-28)
Warning: In design 'CC_CFG', port 'pwdata_i[25]' is not connected to any nets. (LINT-28)
Warning: In design 'CC_CFG', port 'pwdata_i[24]' is not connected to any nets. (LINT-28)
Warning: In design 'CC_CFG', port 'pwdata_i[23]' is not connected to any nets. (LINT-28)
Warning: In design 'CC_CFG', port 'pwdata_i[22]' is not connected to any nets. (LINT-28)
Warning: In design 'CC_CFG', port 'pwdata_i[21]' is not connected to any nets. (LINT-28)
Warning: In design 'CC_CFG', port 'pwdata_i[20]' is not connected to any nets. (LINT-28)
Warning: In design 'CC_CFG', port 'pwdata_i[19]' is not connected to any nets. (LINT-28)
Warning: In design 'CC_CFG', port 'pwdata_i[18]' is not connected to any nets. (LINT-28)
Warning: In design 'CC_CFG', port 'pwdata_i[17]' is not connected to any nets. (LINT-28)
Warning: In design 'CC_CFG', port 'pwdata_i[16]' is not connected to any nets. (LINT-28)
Warning: In design 'CC_CFG', port 'pwdata_i[15]' is not connected to any nets. (LINT-28)
Warning: In design 'CC_CFG', port 'pwdata_i[14]' is not connected to any nets. (LINT-28)
Warning: In design 'CC_CFG', port 'pwdata_i[13]' is not connected to any nets. (LINT-28)
Warning: In design 'CC_CFG', port 'pwdata_i[12]' is not connected to any nets. (LINT-28)
Warning: In design 'CC_CFG', port 'pwdata_i[11]' is not connected to any nets. (LINT-28)
Warning: In design 'CC_CFG', port 'pwdata_i[10]' is not connected to any nets. (LINT-28)
Warning: In design 'CC_CFG', port 'pwdata_i[9]' is not connected to any nets. (LINT-28)
Warning: In design 'CC_CFG', port 'pwdata_i[8]' is not connected to any nets. (LINT-28)
Warning: In design 'CC_CFG', port 'pwdata_i[7]' is not connected to any nets. (LINT-28)
Warning: In design 'CC_CFG', port 'pwdata_i[6]' is not connected to any nets. (LINT-28)
Warning: In design 'CC_CFG', port 'pwdata_i[5]' is not connected to any nets. (LINT-28)
Warning: In design 'CC_CFG', port 'pwdata_i[4]' is not connected to any nets. (LINT-28)
Warning: In design 'CC_CFG', port 'pwdata_i[3]' is not connected to any nets. (LINT-28)
Warning: In design 'CC_CFG', port 'pwdata_i[2]' is not connected to any nets. (LINT-28)
Warning: In design 'CC_CFG', port 'pwdata_i[1]' is not connected to any nets. (LINT-28)
Warning: In design 'CC_CFG', port 'pwdata_i[0]' is not connected to any nets. (LINT-28)
Warning: In design 'CC_DATA_FILL_UNIT', port 'miss_addr_fifo_rdata_i[2]' is not connected to any nets. (LINT-28)
Warning: In design 'CC_DATA_FILL_UNIT', port 'miss_addr_fifo_rdata_i[1]' is not connected to any nets. (LINT-28)
Warning: In design 'CC_DATA_FILL_UNIT', port 'miss_addr_fifo_rdata_i[0]' is not connected to any nets. (LINT-28)
Warning: In design 'CC_SERIALIZER', port 'fifo_aempty_i' is not connected to any nets. (LINT-28)
Warning: In design 'CC_SERIALIZER', port 'fifo_rdata_i[514]' is not connected to any nets. (LINT-28)
Warning: In design 'CC_SERIALIZER', port 'fifo_rdata_i[513]' is not connected to any nets. (LINT-28)
Warning: In design 'CC_SERIALIZER', port 'fifo_rdata_i[512]' is not connected to any nets. (LINT-28)
Warning: In design 'CC_DECODER', input port 'inct_araddr_i[31]' is connected directly to output port 'tag_o[17]'. (LINT-29)
Warning: In design 'CC_DECODER', input port 'inct_araddr_i[30]' is connected directly to output port 'tag_o[16]'. (LINT-29)
Warning: In design 'CC_DECODER', input port 'inct_araddr_i[29]' is connected directly to output port 'tag_o[15]'. (LINT-29)
Warning: In design 'CC_DECODER', input port 'inct_araddr_i[28]' is connected directly to output port 'tag_o[14]'. (LINT-29)
Warning: In design 'CC_DECODER', input port 'inct_araddr_i[27]' is connected directly to output port 'tag_o[13]'. (LINT-29)
Warning: In design 'CC_DECODER', input port 'inct_araddr_i[26]' is connected directly to output port 'tag_o[12]'. (LINT-29)
Warning: In design 'CC_DECODER', input port 'inct_araddr_i[25]' is connected directly to output port 'tag_o[11]'. (LINT-29)
Warning: In design 'CC_DECODER', input port 'inct_araddr_i[24]' is connected directly to output port 'tag_o[10]'. (LINT-29)
Warning: In design 'CC_DECODER', input port 'inct_araddr_i[23]' is connected directly to output port 'tag_o[9]'. (LINT-29)
Warning: In design 'CC_DECODER', input port 'inct_araddr_i[22]' is connected directly to output port 'tag_o[8]'. (LINT-29)
Warning: In design 'CC_DECODER', input port 'inct_araddr_i[21]' is connected directly to output port 'tag_o[7]'. (LINT-29)
Warning: In design 'CC_DECODER', input port 'inct_araddr_i[20]' is connected directly to output port 'tag_o[6]'. (LINT-29)
Warning: In design 'CC_DECODER', input port 'inct_araddr_i[19]' is connected directly to output port 'tag_o[5]'. (LINT-29)
Warning: In design 'CC_DECODER', input port 'inct_araddr_i[18]' is connected directly to output port 'tag_o[4]'. (LINT-29)
Warning: In design 'CC_DECODER', input port 'inct_araddr_i[17]' is connected directly to output port 'tag_o[3]'. (LINT-29)
Warning: In design 'CC_DECODER', input port 'inct_araddr_i[16]' is connected directly to output port 'tag_o[2]'. (LINT-29)
Warning: In design 'CC_DECODER', input port 'inct_araddr_i[15]' is connected directly to output port 'tag_o[1]'. (LINT-29)
Warning: In design 'CC_DECODER', input port 'inct_araddr_i[14]' is connected directly to output port 'tag_o[0]'. (LINT-29)
Warning: In design 'CC_DECODER', input port 'inct_araddr_i[13]' is connected directly to output port 'index_o[7]'. (LINT-29)
Warning: In design 'CC_DECODER', input port 'inct_araddr_i[12]' is connected directly to output port 'index_o[6]'. (LINT-29)
Warning: In design 'CC_DECODER', input port 'inct_araddr_i[11]' is connected directly to output port 'index_o[5]'. (LINT-29)
Warning: In design 'CC_DECODER', input port 'inct_araddr_i[10]' is connected directly to output port 'index_o[4]'. (LINT-29)
Warning: In design 'CC_DECODER', input port 'inct_araddr_i[9]' is connected directly to output port 'index_o[3]'. (LINT-29)
Warning: In design 'CC_DECODER', input port 'inct_araddr_i[8]' is connected directly to output port 'index_o[2]'. (LINT-29)
Warning: In design 'CC_DECODER', input port 'inct_araddr_i[7]' is connected directly to output port 'index_o[1]'. (LINT-29)
Warning: In design 'CC_DECODER', input port 'inct_araddr_i[6]' is connected directly to output port 'index_o[0]'. (LINT-29)
Warning: In design 'CC_DECODER', input port 'inct_araddr_i[5]' is connected directly to output port 'offset_o[5]'. (LINT-29)
Warning: In design 'CC_DECODER', input port 'inct_araddr_i[4]' is connected directly to output port 'offset_o[4]'. (LINT-29)
Warning: In design 'CC_DECODER', input port 'inct_araddr_i[3]' is connected directly to output port 'offset_o[3]'. (LINT-29)
Warning: In design 'CC_DECODER', input port 'inct_araddr_i[2]' is connected directly to output port 'offset_o[2]'. (LINT-29)
Warning: In design 'CC_DECODER', input port 'inct_araddr_i[1]' is connected directly to output port 'offset_o[1]'. (LINT-29)
Warning: In design 'CC_DECODER', input port 'inct_araddr_i[0]' is connected directly to output port 'offset_o[0]'. (LINT-29)
Warning: In design 'CC_TOP', output port 'pready_o' is connected directly to output port 'wdata_tag_o[18]'. (LINT-31)
Warning: In design 'CC_TOP', output port 'pready_o' is connected directly to output port 'mem_arburst_o[1]'. (LINT-31)
Warning: In design 'CC_TOP', output port 'pready_o' is connected directly to output port 'mem_arsize_o[0]'. (LINT-31)
Warning: In design 'CC_TOP', output port 'pready_o' is connected directly to output port 'mem_arsize_o[1]'. (LINT-31)
Warning: In design 'CC_TOP', output port 'pready_o' is connected directly to output port 'mem_arlen_o[0]'. (LINT-31)
Warning: In design 'CC_TOP', output port 'pready_o' is connected directly to output port 'mem_arlen_o[1]'. (LINT-31)
Warning: In design 'CC_TOP', output port 'pready_o' is connected directly to output port 'mem_arlen_o[2]'. (LINT-31)
Warning: In design 'CC_TOP', output port 'prdata_o[31]' is connected directly to output port 'pslverr_o'. (LINT-31)
Warning: In design 'CC_TOP', output port 'prdata_o[31]' is connected directly to output port 'prdata_o[1]'. (LINT-31)
Warning: In design 'CC_TOP', output port 'prdata_o[31]' is connected directly to output port 'prdata_o[3]'. (LINT-31)
Warning: In design 'CC_TOP', output port 'prdata_o[31]' is connected directly to output port 'prdata_o[4]'. (LINT-31)
Warning: In design 'CC_TOP', output port 'prdata_o[31]' is connected directly to output port 'prdata_o[6]'. (LINT-31)
Warning: In design 'CC_TOP', output port 'prdata_o[31]' is connected directly to output port 'prdata_o[7]'. (LINT-31)
Warning: In design 'CC_TOP', output port 'prdata_o[31]' is connected directly to output port 'prdata_o[8]'. (LINT-31)
Warning: In design 'CC_TOP', output port 'prdata_o[31]' is connected directly to output port 'prdata_o[9]'. (LINT-31)
Warning: In design 'CC_TOP', output port 'prdata_o[31]' is connected directly to output port 'prdata_o[10]'. (LINT-31)
Warning: In design 'CC_TOP', output port 'prdata_o[31]' is connected directly to output port 'prdata_o[11]'. (LINT-31)
Warning: In design 'CC_TOP', output port 'prdata_o[31]' is connected directly to output port 'prdata_o[12]'. (LINT-31)
Warning: In design 'CC_TOP', output port 'prdata_o[31]' is connected directly to output port 'prdata_o[14]'. (LINT-31)
Warning: In design 'CC_TOP', output port 'prdata_o[31]' is connected directly to output port 'prdata_o[15]'. (LINT-31)
Warning: In design 'CC_TOP', output port 'prdata_o[31]' is connected directly to output port 'prdata_o[16]'. (LINT-31)
Warning: In design 'CC_TOP', output port 'prdata_o[31]' is connected directly to output port 'prdata_o[18]'. (LINT-31)
Warning: In design 'CC_TOP', output port 'prdata_o[31]' is connected directly to output port 'prdata_o[19]'. (LINT-31)
Warning: In design 'CC_TOP', output port 'prdata_o[31]' is connected directly to output port 'prdata_o[20]'. (LINT-31)
Warning: In design 'CC_TOP', output port 'prdata_o[31]' is connected directly to output port 'prdata_o[21]'. (LINT-31)
Warning: In design 'CC_TOP', output port 'prdata_o[31]' is connected directly to output port 'prdata_o[22]'. (LINT-31)
Warning: In design 'CC_TOP', output port 'prdata_o[31]' is connected directly to output port 'prdata_o[23]'. (LINT-31)
Warning: In design 'CC_TOP', output port 'prdata_o[31]' is connected directly to output port 'prdata_o[24]'. (LINT-31)
Warning: In design 'CC_TOP', output port 'prdata_o[31]' is connected directly to output port 'prdata_o[25]'. (LINT-31)
Warning: In design 'CC_TOP', output port 'prdata_o[31]' is connected directly to output port 'prdata_o[26]'. (LINT-31)
Warning: In design 'CC_TOP', output port 'prdata_o[31]' is connected directly to output port 'prdata_o[27]'. (LINT-31)
Warning: In design 'CC_TOP', output port 'prdata_o[31]' is connected directly to output port 'prdata_o[28]'. (LINT-31)
Warning: In design 'CC_TOP', output port 'prdata_o[31]' is connected directly to output port 'prdata_o[29]'. (LINT-31)
Warning: In design 'CC_TOP', output port 'prdata_o[31]' is connected directly to output port 'prdata_o[30]'. (LINT-31)
Warning: In design 'CC_TOP', output port 'prdata_o[31]' is connected directly to output port 'mem_arburst_o[0]'. (LINT-31)
Warning: In design 'CC_TOP', output port 'prdata_o[31]' is connected directly to output port 'mem_arsize_o[2]'. (LINT-31)
Warning: In design 'CC_TOP', output port 'prdata_o[31]' is connected directly to output port 'mem_arlen_o[3]'. (LINT-31)
Warning: In design 'CC_TOP', output port 'prdata_o[31]' is connected directly to output port 'mem_arid_o[0]'. (LINT-31)
Warning: In design 'CC_TOP', output port 'prdata_o[31]' is connected directly to output port 'mem_arid_o[1]'. (LINT-31)
Warning: In design 'CC_TOP', output port 'prdata_o[31]' is connected directly to output port 'mem_arid_o[2]'. (LINT-31)
Warning: In design 'CC_TOP', output port 'prdata_o[31]' is connected directly to output port 'mem_arid_o[3]'. (LINT-31)
Warning: In design 'CC_CFG', output port 'prdata_o[31]' is connected directly to output port 'prdata_o[1]'. (LINT-31)
Warning: In design 'CC_CFG', output port 'prdata_o[31]' is connected directly to output port 'prdata_o[3]'. (LINT-31)
Warning: In design 'CC_CFG', output port 'prdata_o[31]' is connected directly to output port 'prdata_o[4]'. (LINT-31)
Warning: In design 'CC_CFG', output port 'prdata_o[31]' is connected directly to output port 'prdata_o[6]'. (LINT-31)
Warning: In design 'CC_CFG', output port 'prdata_o[31]' is connected directly to output port 'prdata_o[7]'. (LINT-31)
Warning: In design 'CC_CFG', output port 'prdata_o[31]' is connected directly to output port 'prdata_o[8]'. (LINT-31)
Warning: In design 'CC_CFG', output port 'prdata_o[31]' is connected directly to output port 'prdata_o[9]'. (LINT-31)
Warning: In design 'CC_CFG', output port 'prdata_o[31]' is connected directly to output port 'prdata_o[10]'. (LINT-31)
Warning: In design 'CC_CFG', output port 'prdata_o[31]' is connected directly to output port 'prdata_o[11]'. (LINT-31)
Warning: In design 'CC_CFG', output port 'prdata_o[31]' is connected directly to output port 'prdata_o[12]'. (LINT-31)
Warning: In design 'CC_CFG', output port 'prdata_o[31]' is connected directly to output port 'prdata_o[14]'. (LINT-31)
Warning: In design 'CC_CFG', output port 'prdata_o[31]' is connected directly to output port 'prdata_o[15]'. (LINT-31)
Warning: In design 'CC_CFG', output port 'prdata_o[31]' is connected directly to output port 'prdata_o[16]'. (LINT-31)
Warning: In design 'CC_CFG', output port 'prdata_o[31]' is connected directly to output port 'prdata_o[18]'. (LINT-31)
Warning: In design 'CC_CFG', output port 'prdata_o[31]' is connected directly to output port 'prdata_o[19]'. (LINT-31)
Warning: In design 'CC_CFG', output port 'prdata_o[31]' is connected directly to output port 'prdata_o[20]'. (LINT-31)
Warning: In design 'CC_CFG', output port 'prdata_o[31]' is connected directly to output port 'prdata_o[21]'. (LINT-31)
Warning: In design 'CC_CFG', output port 'prdata_o[31]' is connected directly to output port 'prdata_o[22]'. (LINT-31)
Warning: In design 'CC_CFG', output port 'prdata_o[31]' is connected directly to output port 'prdata_o[23]'. (LINT-31)
Warning: In design 'CC_CFG', output port 'prdata_o[31]' is connected directly to output port 'prdata_o[24]'. (LINT-31)
Warning: In design 'CC_CFG', output port 'prdata_o[31]' is connected directly to output port 'prdata_o[25]'. (LINT-31)
Warning: In design 'CC_CFG', output port 'prdata_o[31]' is connected directly to output port 'prdata_o[26]'. (LINT-31)
Warning: In design 'CC_CFG', output port 'prdata_o[31]' is connected directly to output port 'prdata_o[27]'. (LINT-31)
Warning: In design 'CC_CFG', output port 'prdata_o[31]' is connected directly to output port 'prdata_o[28]'. (LINT-31)
Warning: In design 'CC_CFG', output port 'prdata_o[31]' is connected directly to output port 'prdata_o[29]'. (LINT-31)
Warning: In design 'CC_CFG', output port 'prdata_o[31]' is connected directly to output port 'prdata_o[30]'. (LINT-31)
Warning: In design 'CC_CFG', output port 'prdata_o[31]' is connected directly to output port 'pslverr_o'. (LINT-31)
Warning: In design 'CC_DATA_FILL_UNIT', output port 'miss_addr_fifo_rden_o' is connected directly to output port 'wren_o'. (LINT-31)
Warning: In design 'CC_TOP', output port 'pready_o' is connected directly to 'logic 1'. (LINT-52)
Warning: In design 'CC_TOP', output port 'prdata_o[31]' is connected directly to 'logic 0'. (LINT-52)
Warning: In design 'CC_TOP', output port 'prdata_o[30]' is connected directly to 'logic 0'. (LINT-52)
Warning: In design 'CC_TOP', output port 'prdata_o[29]' is connected directly to 'logic 0'. (LINT-52)
Warning: In design 'CC_TOP', output port 'prdata_o[28]' is connected directly to 'logic 0'. (LINT-52)
Warning: In design 'CC_TOP', output port 'prdata_o[27]' is connected directly to 'logic 0'. (LINT-52)
Warning: In design 'CC_TOP', output port 'prdata_o[26]' is connected directly to 'logic 0'. (LINT-52)
Warning: In design 'CC_TOP', output port 'prdata_o[25]' is connected directly to 'logic 0'. (LINT-52)
Warning: In design 'CC_TOP', output port 'prdata_o[24]' is connected directly to 'logic 0'. (LINT-52)
Warning: In design 'CC_TOP', output port 'prdata_o[23]' is connected directly to 'logic 0'. (LINT-52)
Warning: In design 'CC_TOP', output port 'prdata_o[22]' is connected directly to 'logic 0'. (LINT-52)
Warning: In design 'CC_TOP', output port 'prdata_o[21]' is connected directly to 'logic 0'. (LINT-52)
Warning: In design 'CC_TOP', output port 'prdata_o[20]' is connected directly to 'logic 0'. (LINT-52)
Warning: In design 'CC_TOP', output port 'prdata_o[19]' is connected directly to 'logic 0'. (LINT-52)
Warning: In design 'CC_TOP', output port 'prdata_o[18]' is connected directly to 'logic 0'. (LINT-52)
Warning: In design 'CC_TOP', output port 'prdata_o[16]' is connected directly to 'logic 0'. (LINT-52)
Warning: In design 'CC_TOP', output port 'prdata_o[15]' is connected directly to 'logic 0'. (LINT-52)
Warning: In design 'CC_TOP', output port 'prdata_o[14]' is connected directly to 'logic 0'. (LINT-52)
Warning: In design 'CC_TOP', output port 'prdata_o[12]' is connected directly to 'logic 0'. (LINT-52)
Warning: In design 'CC_TOP', output port 'prdata_o[11]' is connected directly to 'logic 0'. (LINT-52)
Warning: In design 'CC_TOP', output port 'prdata_o[10]' is connected directly to 'logic 0'. (LINT-52)
Warning: In design 'CC_TOP', output port 'prdata_o[9]' is connected directly to 'logic 0'. (LINT-52)
Warning: In design 'CC_TOP', output port 'prdata_o[8]' is connected directly to 'logic 0'. (LINT-52)
Warning: In design 'CC_TOP', output port 'prdata_o[7]' is connected directly to 'logic 0'. (LINT-52)
Warning: In design 'CC_TOP', output port 'prdata_o[6]' is connected directly to 'logic 0'. (LINT-52)
Warning: In design 'CC_TOP', output port 'prdata_o[4]' is connected directly to 'logic 0'. (LINT-52)
Warning: In design 'CC_TOP', output port 'prdata_o[3]' is connected directly to 'logic 0'. (LINT-52)
Warning: In design 'CC_TOP', output port 'prdata_o[1]' is connected directly to 'logic 0'. (LINT-52)
Warning: In design 'CC_TOP', output port 'pslverr_o' is connected directly to 'logic 0'. (LINT-52)
Warning: In design 'CC_TOP', output port 'mem_arid_o[3]' is connected directly to 'logic 0'. (LINT-52)
Warning: In design 'CC_TOP', output port 'mem_arid_o[2]' is connected directly to 'logic 0'. (LINT-52)
Warning: In design 'CC_TOP', output port 'mem_arid_o[1]' is connected directly to 'logic 0'. (LINT-52)
Warning: In design 'CC_TOP', output port 'mem_arid_o[0]' is connected directly to 'logic 0'. (LINT-52)
Warning: In design 'CC_TOP', output port 'mem_arlen_o[3]' is connected directly to 'logic 0'. (LINT-52)
Warning: In design 'CC_TOP', output port 'mem_arlen_o[2]' is connected directly to 'logic 1'. (LINT-52)
Warning: In design 'CC_TOP', output port 'mem_arlen_o[1]' is connected directly to 'logic 1'. (LINT-52)
Warning: In design 'CC_TOP', output port 'mem_arlen_o[0]' is connected directly to 'logic 1'. (LINT-52)
Warning: In design 'CC_TOP', output port 'mem_arsize_o[2]' is connected directly to 'logic 0'. (LINT-52)
Warning: In design 'CC_TOP', output port 'mem_arsize_o[1]' is connected directly to 'logic 1'. (LINT-52)
Warning: In design 'CC_TOP', output port 'mem_arsize_o[0]' is connected directly to 'logic 1'. (LINT-52)
Warning: In design 'CC_TOP', output port 'mem_arburst_o[1]' is connected directly to 'logic 1'. (LINT-52)
Warning: In design 'CC_TOP', output port 'mem_arburst_o[0]' is connected directly to 'logic 0'. (LINT-52)
Warning: In design 'CC_TOP', output port 'wdata_tag_o[18]' is connected directly to 'logic 1'. (LINT-52)
Warning: In design 'CC_CFG', output port 'pready_o' is connected directly to 'logic 1'. (LINT-52)
Warning: In design 'CC_CFG', output port 'prdata_o[31]' is connected directly to 'logic 0'. (LINT-52)
Warning: In design 'CC_CFG', output port 'prdata_o[30]' is connected directly to 'logic 0'. (LINT-52)
Warning: In design 'CC_CFG', output port 'prdata_o[29]' is connected directly to 'logic 0'. (LINT-52)
Warning: In design 'CC_CFG', output port 'prdata_o[28]' is connected directly to 'logic 0'. (LINT-52)
Warning: In design 'CC_CFG', output port 'prdata_o[27]' is connected directly to 'logic 0'. (LINT-52)
Warning: In design 'CC_CFG', output port 'prdata_o[26]' is connected directly to 'logic 0'. (LINT-52)
Warning: In design 'CC_CFG', output port 'prdata_o[25]' is connected directly to 'logic 0'. (LINT-52)
Warning: In design 'CC_CFG', output port 'prdata_o[24]' is connected directly to 'logic 0'. (LINT-52)
Warning: In design 'CC_CFG', output port 'prdata_o[23]' is connected directly to 'logic 0'. (LINT-52)
Warning: In design 'CC_CFG', output port 'prdata_o[22]' is connected directly to 'logic 0'. (LINT-52)
Warning: In design 'CC_CFG', output port 'prdata_o[21]' is connected directly to 'logic 0'. (LINT-52)
Warning: In design 'CC_CFG', output port 'prdata_o[20]' is connected directly to 'logic 0'. (LINT-52)
Warning: In design 'CC_CFG', output port 'prdata_o[19]' is connected directly to 'logic 0'. (LINT-52)
Warning: In design 'CC_CFG', output port 'prdata_o[18]' is connected directly to 'logic 0'. (LINT-52)
Warning: In design 'CC_CFG', output port 'prdata_o[16]' is connected directly to 'logic 0'. (LINT-52)
Warning: In design 'CC_CFG', output port 'prdata_o[15]' is connected directly to 'logic 0'. (LINT-52)
Warning: In design 'CC_CFG', output port 'prdata_o[14]' is connected directly to 'logic 0'. (LINT-52)
Warning: In design 'CC_CFG', output port 'prdata_o[12]' is connected directly to 'logic 0'. (LINT-52)
Warning: In design 'CC_CFG', output port 'prdata_o[11]' is connected directly to 'logic 0'. (LINT-52)
Warning: In design 'CC_CFG', output port 'prdata_o[10]' is connected directly to 'logic 0'. (LINT-52)
Warning: In design 'CC_CFG', output port 'prdata_o[9]' is connected directly to 'logic 0'. (LINT-52)
Warning: In design 'CC_CFG', output port 'prdata_o[8]' is connected directly to 'logic 0'. (LINT-52)
Warning: In design 'CC_CFG', output port 'prdata_o[7]' is connected directly to 'logic 0'. (LINT-52)
Warning: In design 'CC_CFG', output port 'prdata_o[6]' is connected directly to 'logic 0'. (LINT-52)
Warning: In design 'CC_CFG', output port 'prdata_o[4]' is connected directly to 'logic 0'. (LINT-52)
Warning: In design 'CC_CFG', output port 'prdata_o[3]' is connected directly to 'logic 0'. (LINT-52)
Warning: In design 'CC_CFG', output port 'prdata_o[1]' is connected directly to 'logic 0'. (LINT-52)
Warning: In design 'CC_CFG', output port 'pslverr_o' is connected directly to 'logic 0'. (LINT-52)
Warning: In design 'CC_DATA_FILL_UNIT', output port 'wdata_tag_o[18]' is connected directly to 'logic 1'. (LINT-52)
1
