 
****************************************
Report : hierarchy
        -full
Design : CC_TOP
Version: Q-2019.12-SP5-5
Date   : Wed Feb 25 19:55:27 2026
****************************************

CC_TOP
    CC_CFG
        SVQ_AN3B_1                                                                                                 um28nchllogl35udl140f_ssgwc0p81v125c
        SVQ_AO21B_1                                                                                                um28nchllogl35udl140f_ssgwc0p81v125c
        SVQ_FDPQ_V2_1                                                                                              um28nchllogl35udl140f_ssgwc0p81v125c
        SVQ_INV_1                                                                                                  um28nchllogl35udl140f_ssgwc0p81v125c
        SVQ_ND4_1                                                                                                  um28nchllogl35udl140f_ssgwc0p81v125c
        SVQ_NR3_1                                                                                                  um28nchllogl35udl140f_ssgwc0p81v125c
        SVQ_NR4_1                                                                                                  um28nchllogl35udl140f_ssgwc0p81v125c
        SVQ_OAI31_G_1                                                                                              um28nchllogl35udl140f_ssgwc0p81v125c
        SVQ_TIE0_1                                                                                                 um28nchllogl35udl140f_ssgwc0p81v125c
        SVQ_TIE1_1                                                                                                 um28nchllogl35udl140f_ssgwc0p81v125c
    CC_DATA_FILL_UNIT
        CC_WAY
            SVQ_EO2_V2_1                                                                                           um28nchllogl35udl140f_ssgwc0p81v125c
            SVQ_EO3_1                                                                                              um28nchllogl35udl140f_ssgwc0p81v125c
            SVQ_FDPQ_V2_1                                                                                          um28nchllogl35udl140f_ssgwc0p81v125c
            SVQ_INV_1                                                                                              um28nchllogl35udl140f_ssgwc0p81v125c
            SVQ_ND2B_V1_1                                                                                          um28nchllogl35udl140f_ssgwc0p81v125c
            SVQ_ND2_1                                                                                              um28nchllogl35udl140f_ssgwc0p81v125c
            SVQ_OAI21_S_1                                                                                          um28nchllogl35udl140f_ssgwc0p81v125c
            SVQ_OAI22_1                                                                                            um28nchllogl35udl140f_ssgwc0p81v125c
            SVQ_OAI221_1                                                                                           um28nchllogl35udl140f_ssgwc0p81v125c
        SVQ_AN2_2                                                                                                  um28nchllogl35udl140f_ssgwc0p81v125c
        SVQ_AN2_MG_1                                                                                               um28nchllogl35udl140f_ssgwc0p81v125c
        SVQ_AO2BB2_0P75                                                                                            um28nchllogl35udl140f_ssgwc0p81v125c
        SVQ_AO2BB2_1                                                                                               um28nchllogl35udl140f_ssgwc0p81v125c
        SVQ_AO21B_4                                                                                                um28nchllogl35udl140f_ssgwc0p81v125c
        SVQ_BUF_2                                                                                                  um28nchllogl35udl140f_ssgwc0p81v125c
        SVQ_BUF_4                                                                                                  um28nchllogl35udl140f_ssgwc0p81v125c
        SVQ_BUF_12                                                                                                 um28nchllogl35udl140f_ssgwc0p81v125c
        SVQ_BUF_M_1                                                                                                um28nchllogl35udl140f_ssgwc0p81v125c
        SVQ_BUF_M_2                                                                                                um28nchllogl35udl140f_ssgwc0p81v125c
        SVQ_BUF_M_4                                                                                                um28nchllogl35udl140f_ssgwc0p81v125c
        SVQ_BUF_M_6                                                                                                um28nchllogl35udl140f_ssgwc0p81v125c
        SVQ_BUF_S_3                                                                                                um28nchllogl35udl140f_ssgwc0p81v125c
        SVQ_EO2_V2_0P5                                                                                             um28nchllogl35udl140f_ssgwc0p81v125c
        SVQ_EO2_V2_1                                                                                               um28nchllogl35udl140f_ssgwc0p81v125c
        SVQ_EO3_1                                                                                                  um28nchllogl35udl140f_ssgwc0p81v125c
        SVQ_EO3_3                                                                                                  um28nchllogl35udl140f_ssgwc0p81v125c
        SVQ_FDPQ_V2_1                                                                                              um28nchllogl35udl140f_ssgwc0p81v125c
        SVQ_INV_1                                                                                                  um28nchllogl35udl140f_ssgwc0p81v125c
        SVQ_INV_2                                                                                                  um28nchllogl35udl140f_ssgwc0p81v125c
        SVQ_INV_3                                                                                                  um28nchllogl35udl140f_ssgwc0p81v125c
        SVQ_INV_S_0P5                                                                                              um28nchllogl35udl140f_ssgwc0p81v125c
        SVQ_INV_S_2                                                                                                um28nchllogl35udl140f_ssgwc0p81v125c
        SVQ_INV_S_3                                                                                                um28nchllogl35udl140f_ssgwc0p81v125c
        SVQ_INV_S_4                                                                                                um28nchllogl35udl140f_ssgwc0p81v125c
        SVQ_MAJ3_1                                                                                                 um28nchllogl35udl140f_ssgwc0p81v125c
        SVQ_MUX2_1                                                                                                 um28nchllogl35udl140f_ssgwc0p81v125c
        SVQ_MUXI2_V2_3                                                                                             um28nchllogl35udl140f_ssgwc0p81v125c
        SVQ_ND2B_V1_1                                                                                              um28nchllogl35udl140f_ssgwc0p81v125c
        SVQ_ND2_1                                                                                                  um28nchllogl35udl140f_ssgwc0p81v125c
        SVQ_ND2_2                                                                                                  um28nchllogl35udl140f_ssgwc0p81v125c
        SVQ_ND2_S_2                                                                                                um28nchllogl35udl140f_ssgwc0p81v125c
        SVQ_ND2_T_2                                                                                                um28nchllogl35udl140f_ssgwc0p81v125c
        SVQ_ND3_1                                                                                                  um28nchllogl35udl140f_ssgwc0p81v125c
        SVQ_ND3_S_1                                                                                                um28nchllogl35udl140f_ssgwc0p81v125c
        SVQ_ND3_T_0P5                                                                                              um28nchllogl35udl140f_ssgwc0p81v125c
        SVQ_NR2B_1                                                                                                 um28nchllogl35udl140f_ssgwc0p81v125c
        SVQ_NR2B_V1_1                                                                                              um28nchllogl35udl140f_ssgwc0p81v125c
        SVQ_NR2B_V1_2                                                                                              um28nchllogl35udl140f_ssgwc0p81v125c
        SVQ_NR2_0P5                                                                                                um28nchllogl35udl140f_ssgwc0p81v125c
        SVQ_NR2_1                                                                                                  um28nchllogl35udl140f_ssgwc0p81v125c
        SVQ_NR2_T_1                                                                                                um28nchllogl35udl140f_ssgwc0p81v125c
        SVQ_NR3_1                                                                                                  um28nchllogl35udl140f_ssgwc0p81v125c
        SVQ_OA2BB2_1                                                                                               um28nchllogl35udl140f_ssgwc0p81v125c
        SVQ_OA21_1                                                                                                 um28nchllogl35udl140f_ssgwc0p81v125c
        SVQ_OAI22_1                                                                                                um28nchllogl35udl140f_ssgwc0p81v125c
        SVQ_OAI31_G_1                                                                                              um28nchllogl35udl140f_ssgwc0p81v125c
        SVQ_OAOI211_1                                                                                              um28nchllogl35udl140f_ssgwc0p81v125c
        SVQ_OAOI211_V2_4                                                                                           um28nchllogl35udl140f_ssgwc0p81v125c
        SVQ_OR2_1                                                                                                  um28nchllogl35udl140f_ssgwc0p81v125c
        SVQ_OR2_2                                                                                                  um28nchllogl35udl140f_ssgwc0p81v125c
        SVQ_OR3B_1                                                                                                 um28nchllogl35udl140f_ssgwc0p81v125c
        SVQ_OR3B_2                                                                                                 um28nchllogl35udl140f_ssgwc0p81v125c
        SVQ_TIE1_1                                                                                                 um28nchllogl35udl140f_ssgwc0p81v125c
    CC_DATA_REORDER_UNIT
        CC_FIFO_FIFO_DEPTH32_DATA_WIDTH1_AFULL_THRESHOLD30_AEMPTY_THRESHOLD0
            SVQ_ADDH_1                                                                                             um28nchllogl35udl140f_ssgwc0p81v125c
            SVQ_AN2_0P5                                                                                            um28nchllogl35udl140f_ssgwc0p81v125c
            SVQ_AOI22_0P5                                                                                          um28nchllogl35udl140f_ssgwc0p81v125c
            SVQ_EN2_V2_0P5                                                                                         um28nchllogl35udl140f_ssgwc0p81v125c
            SVQ_EO2_V2_0P5                                                                                         um28nchllogl35udl140f_ssgwc0p81v125c
            SVQ_EO2_V2_1                                                                                           um28nchllogl35udl140f_ssgwc0p81v125c
            SVQ_FDPQ_V2_1                                                                                          um28nchllogl35udl140f_ssgwc0p81v125c
            SVQ_INV_1                                                                                              um28nchllogl35udl140f_ssgwc0p81v125c
            SVQ_INV_S_2                                                                                            um28nchllogl35udl140f_ssgwc0p81v125c
            SVQ_MUX2_1                                                                                             um28nchllogl35udl140f_ssgwc0p81v125c
            SVQ_MUXI2_MG_0P5                                                                                       um28nchllogl35udl140f_ssgwc0p81v125c
            SVQ_ND2B_1                                                                                             um28nchllogl35udl140f_ssgwc0p81v125c
            SVQ_ND2B_V1_1                                                                                          um28nchllogl35udl140f_ssgwc0p81v125c
            SVQ_ND2_0P5                                                                                            um28nchllogl35udl140f_ssgwc0p81v125c
            SVQ_ND2_1                                                                                              um28nchllogl35udl140f_ssgwc0p81v125c
            SVQ_ND3_1                                                                                              um28nchllogl35udl140f_ssgwc0p81v125c
            SVQ_NR2B_1                                                                                             um28nchllogl35udl140f_ssgwc0p81v125c
            SVQ_NR2B_V1_1                                                                                          um28nchllogl35udl140f_ssgwc0p81v125c
            SVQ_NR2_0P5                                                                                            um28nchllogl35udl140f_ssgwc0p81v125c
            SVQ_NR4_1                                                                                              um28nchllogl35udl140f_ssgwc0p81v125c
            SVQ_OA21_1                                                                                             um28nchllogl35udl140f_ssgwc0p81v125c
            SVQ_OAI21_0P7                                                                                          um28nchllogl35udl140f_ssgwc0p81v125c
            SVQ_OAI22_0P75                                                                                         um28nchllogl35udl140f_ssgwc0p81v125c
            SVQ_OAI31_G_1                                                                                          um28nchllogl35udl140f_ssgwc0p81v125c
            SVQ_OAOI211_1                                                                                          um28nchllogl35udl140f_ssgwc0p81v125c
            SVQ_OR2_1                                                                                              um28nchllogl35udl140f_ssgwc0p81v125c
            SVQ_OR3B_1                                                                                             um28nchllogl35udl140f_ssgwc0p81v125c
        CC_FIFO_FIFO_DEPTH32_DATA_WIDTH518_AFULL_THRESHOLD30_AEMPTY_THRESHOLD0
            SVQ_ADDH_1                                                                                             um28nchllogl35udl140f_ssgwc0p81v125c
            SVQ_AN2_MG_1                                                                                           um28nchllogl35udl140f_ssgwc0p81v125c
            SVQ_AN3B_1                                                                                             um28nchllogl35udl140f_ssgwc0p81v125c
            SVQ_AO2BB2_1                                                                                           um28nchllogl35udl140f_ssgwc0p81v125c
            SVQ_AO22_1                                                                                             um28nchllogl35udl140f_ssgwc0p81v125c
            SVQ_AOI22_0P75                                                                                         um28nchllogl35udl140f_ssgwc0p81v125c
            SVQ_BUF_1                                                                                              um28nchllogl35udl140f_ssgwc0p81v125c
            SVQ_BUF_M_1                                                                                            um28nchllogl35udl140f_ssgwc0p81v125c
            SVQ_BUF_S_1                                                                                            um28nchllogl35udl140f_ssgwc0p81v125c
            SVQ_EN2_V2_0P5                                                                                         um28nchllogl35udl140f_ssgwc0p81v125c
            SVQ_EO2_V2_0P5                                                                                         um28nchllogl35udl140f_ssgwc0p81v125c
            SVQ_EO2_V2_1                                                                                           um28nchllogl35udl140f_ssgwc0p81v125c
            SVQ_FDPQ_V2_1                                                                                          um28nchllogl35udl140f_ssgwc0p81v125c
            SVQ_INV_1                                                                                              um28nchllogl35udl140f_ssgwc0p81v125c
            SVQ_INV_S_2                                                                                            um28nchllogl35udl140f_ssgwc0p81v125c
            SVQ_ND2B_1                                                                                             um28nchllogl35udl140f_ssgwc0p81v125c
            SVQ_ND2B_V1_1                                                                                          um28nchllogl35udl140f_ssgwc0p81v125c
            SVQ_ND2_0P5                                                                                            um28nchllogl35udl140f_ssgwc0p81v125c
            SVQ_ND2_1                                                                                              um28nchllogl35udl140f_ssgwc0p81v125c
            SVQ_ND2_S_1                                                                                            um28nchllogl35udl140f_ssgwc0p81v125c
            SVQ_ND3_1                                                                                              um28nchllogl35udl140f_ssgwc0p81v125c
            SVQ_ND3_S_1                                                                                            um28nchllogl35udl140f_ssgwc0p81v125c
            SVQ_ND4_1                                                                                              um28nchllogl35udl140f_ssgwc0p81v125c
            SVQ_NR2_0P5                                                                                            um28nchllogl35udl140f_ssgwc0p81v125c
            SVQ_NR2_1                                                                                              um28nchllogl35udl140f_ssgwc0p81v125c
            SVQ_NR3_1                                                                                              um28nchllogl35udl140f_ssgwc0p81v125c
            SVQ_NR4_1                                                                                              um28nchllogl35udl140f_ssgwc0p81v125c
            SVQ_OA22_1                                                                                             um28nchllogl35udl140f_ssgwc0p81v125c
            SVQ_OAI21_0P7                                                                                          um28nchllogl35udl140f_ssgwc0p81v125c
            SVQ_OAI22_0P75                                                                                         um28nchllogl35udl140f_ssgwc0p81v125c
            SVQ_OAI31_G_1                                                                                          um28nchllogl35udl140f_ssgwc0p81v125c
            SVQ_OAI221_1                                                                                           um28nchllogl35udl140f_ssgwc0p81v125c
            SVQ_OAI222_1                                                                                           um28nchllogl35udl140f_ssgwc0p81v125c
            SVQ_OR2_1                                                                                              um28nchllogl35udl140f_ssgwc0p81v125c
        CC_FIFO_FIFO_DEPTH256_DATA_WIDTH67_AFULL_THRESHOLD252_AEMPTY_THRESHOLD0
            CC_FIFO_FIFO_DEPTH256_DATA_WIDTH67_AFULL_THRESHOLD252_AEMPTY_THRESHOLD0_DW01_inc_0_DW01_inc_9
                SVQ_ADDH_1                                                                                         um28nchllogl35udl140f_ssgwc0p81v125c
                SVQ_EO2_V2_0P5                                                                                     um28nchllogl35udl140f_ssgwc0p81v125c
                SVQ_INV_1                                                                                          um28nchllogl35udl140f_ssgwc0p81v125c
            CC_FIFO_FIFO_DEPTH256_DATA_WIDTH67_AFULL_THRESHOLD252_AEMPTY_THRESHOLD0_DW01_inc_1_DW01_inc_10
                SVQ_ADDH_1                                                                                         um28nchllogl35udl140f_ssgwc0p81v125c
                SVQ_EO2_V2_0P5                                                                                     um28nchllogl35udl140f_ssgwc0p81v125c
                SVQ_INV_1                                                                                          um28nchllogl35udl140f_ssgwc0p81v125c
            CC_FIFO_FIFO_DEPTH256_DATA_WIDTH67_AFULL_THRESHOLD252_AEMPTY_THRESHOLD0_DW01_inc_2_DW01_inc_11
                SVQ_ADDH_1                                                                                         um28nchllogl35udl140f_ssgwc0p81v125c
                SVQ_EO2_V2_0P5                                                                                     um28nchllogl35udl140f_ssgwc0p81v125c
                SVQ_INV_1                                                                                          um28nchllogl35udl140f_ssgwc0p81v125c
            SVQ_AN2_MG_1                                                                                           um28nchllogl35udl140f_ssgwc0p81v125c
            SVQ_AN3B_1                                                                                             um28nchllogl35udl140f_ssgwc0p81v125c
            SVQ_AN4B_1                                                                                             um28nchllogl35udl140f_ssgwc0p81v125c
            SVQ_AO2BB2_1                                                                                           um28nchllogl35udl140f_ssgwc0p81v125c
            SVQ_AO22_1                                                                                             um28nchllogl35udl140f_ssgwc0p81v125c
            SVQ_AOI21_0P5                                                                                          um28nchllogl35udl140f_ssgwc0p81v125c
            SVQ_AOI22_0P75                                                                                         um28nchllogl35udl140f_ssgwc0p81v125c
            SVQ_BUF_1                                                                                              um28nchllogl35udl140f_ssgwc0p81v125c
            SVQ_BUF_M_1                                                                                            um28nchllogl35udl140f_ssgwc0p81v125c
            SVQ_EN2_V2_0P5                                                                                         um28nchllogl35udl140f_ssgwc0p81v125c
            SVQ_EN2_V2_1                                                                                           um28nchllogl35udl140f_ssgwc0p81v125c
            SVQ_EO2_V2_0P5                                                                                         um28nchllogl35udl140f_ssgwc0p81v125c
            SVQ_EO2_V2_1                                                                                           um28nchllogl35udl140f_ssgwc0p81v125c
            SVQ_FDPQ_V2_1                                                                                          um28nchllogl35udl140f_ssgwc0p81v125c
            SVQ_INV_1                                                                                              um28nchllogl35udl140f_ssgwc0p81v125c
            SVQ_INV_S_2                                                                                            um28nchllogl35udl140f_ssgwc0p81v125c
            SVQ_ND2B_V1_1                                                                                          um28nchllogl35udl140f_ssgwc0p81v125c
            SVQ_ND2_0P5                                                                                            um28nchllogl35udl140f_ssgwc0p81v125c
            SVQ_ND2_1                                                                                              um28nchllogl35udl140f_ssgwc0p81v125c
            SVQ_ND3_1                                                                                              um28nchllogl35udl140f_ssgwc0p81v125c
            SVQ_ND4_1                                                                                              um28nchllogl35udl140f_ssgwc0p81v125c
            SVQ_NR2B_V1_1                                                                                          um28nchllogl35udl140f_ssgwc0p81v125c
            SVQ_NR2_0P5                                                                                            um28nchllogl35udl140f_ssgwc0p81v125c
            SVQ_NR2_1                                                                                              um28nchllogl35udl140f_ssgwc0p81v125c
            SVQ_NR3_1                                                                                              um28nchllogl35udl140f_ssgwc0p81v125c
            SVQ_NR4_1                                                                                              um28nchllogl35udl140f_ssgwc0p81v125c
            SVQ_OA21B_1                                                                                            um28nchllogl35udl140f_ssgwc0p81v125c
            SVQ_OAI21_0P7                                                                                          um28nchllogl35udl140f_ssgwc0p81v125c
            SVQ_OAI22_0P75                                                                                         um28nchllogl35udl140f_ssgwc0p81v125c
            SVQ_OAI221_1                                                                                           um28nchllogl35udl140f_ssgwc0p81v125c
            SVQ_OAI222_1                                                                                           um28nchllogl35udl140f_ssgwc0p81v125c
            SVQ_OR2_1                                                                                              um28nchllogl35udl140f_ssgwc0p81v125c
        CC_SERIALIZER
            SVQ_AN2_MG_1                                                                                           um28nchllogl35udl140f_ssgwc0p81v125c
            SVQ_AO21B_1                                                                                            um28nchllogl35udl140f_ssgwc0p81v125c
            SVQ_AOAI211_1                                                                                          um28nchllogl35udl140f_ssgwc0p81v125c
            SVQ_AOI22_0P75                                                                                         um28nchllogl35udl140f_ssgwc0p81v125c
            SVQ_AOI31_1                                                                                            um28nchllogl35udl140f_ssgwc0p81v125c
            SVQ_AOI2222_V2_1                                                                                       um28nchllogl35udl140f_ssgwc0p81v125c
            SVQ_BUF_M_1                                                                                            um28nchllogl35udl140f_ssgwc0p81v125c
            SVQ_EO2_V2_1                                                                                           um28nchllogl35udl140f_ssgwc0p81v125c
            SVQ_EO3_1                                                                                              um28nchllogl35udl140f_ssgwc0p81v125c
            SVQ_FDPQ_V2_1                                                                                          um28nchllogl35udl140f_ssgwc0p81v125c
            SVQ_INV_1                                                                                              um28nchllogl35udl140f_ssgwc0p81v125c
            SVQ_INV_S_2                                                                                            um28nchllogl35udl140f_ssgwc0p81v125c
            SVQ_ND2B_V1_1                                                                                          um28nchllogl35udl140f_ssgwc0p81v125c
            SVQ_ND2_1                                                                                              um28nchllogl35udl140f_ssgwc0p81v125c
            SVQ_ND3_1                                                                                              um28nchllogl35udl140f_ssgwc0p81v125c
            SVQ_NR2B_V1_1                                                                                          um28nchllogl35udl140f_ssgwc0p81v125c
            SVQ_NR2_1                                                                                              um28nchllogl35udl140f_ssgwc0p81v125c
            SVQ_NR3_1                                                                                              um28nchllogl35udl140f_ssgwc0p81v125c
            SVQ_OAI21_S_1                                                                                          um28nchllogl35udl140f_ssgwc0p81v125c
            SVQ_OAI22_1                                                                                            um28nchllogl35udl140f_ssgwc0p81v125c
            SVQ_OAI31_G_1                                                                                          um28nchllogl35udl140f_ssgwc0p81v125c
        SVQ_AN2_MG_1                                                                                               um28nchllogl35udl140f_ssgwc0p81v125c
        SVQ_AO21B_1                                                                                                um28nchllogl35udl140f_ssgwc0p81v125c
        SVQ_AOI22_0P75                                                                                             um28nchllogl35udl140f_ssgwc0p81v125c
        SVQ_AOI211_1                                                                                               um28nchllogl35udl140f_ssgwc0p81v125c
        SVQ_AOI2222_V2_1                                                                                           um28nchllogl35udl140f_ssgwc0p81v125c
        SVQ_BUF_M_1                                                                                                um28nchllogl35udl140f_ssgwc0p81v125c
        SVQ_FDPQ_V2_1                                                                                              um28nchllogl35udl140f_ssgwc0p81v125c
        SVQ_INV_1                                                                                                  um28nchllogl35udl140f_ssgwc0p81v125c
        SVQ_INV_S_2                                                                                                um28nchllogl35udl140f_ssgwc0p81v125c
        SVQ_ND2B_V1_1                                                                                              um28nchllogl35udl140f_ssgwc0p81v125c
        SVQ_ND2_1                                                                                                  um28nchllogl35udl140f_ssgwc0p81v125c
        SVQ_ND3_1                                                                                                  um28nchllogl35udl140f_ssgwc0p81v125c
        SVQ_NR2_1                                                                                                  um28nchllogl35udl140f_ssgwc0p81v125c
        SVQ_NR3_1                                                                                                  um28nchllogl35udl140f_ssgwc0p81v125c
        SVQ_NR4_1                                                                                                  um28nchllogl35udl140f_ssgwc0p81v125c
        SVQ_OA21B_1                                                                                                um28nchllogl35udl140f_ssgwc0p81v125c
        SVQ_OAI21_S_1                                                                                              um28nchllogl35udl140f_ssgwc0p81v125c
        SVQ_OAI22_1                                                                                                um28nchllogl35udl140f_ssgwc0p81v125c
        SVQ_OAI31_G_1                                                                                              um28nchllogl35udl140f_ssgwc0p81v125c
        SVQ_OAO211_DG_1                                                                                            um28nchllogl35udl140f_ssgwc0p81v125c
        SVQ_OR2_1                                                                                                  um28nchllogl35udl140f_ssgwc0p81v125c
        SVQ_OR3B_1                                                                                                 um28nchllogl35udl140f_ssgwc0p81v125c
    CC_DECODER
        SVQ_AN2_MG_1                                                                                               um28nchllogl35udl140f_ssgwc0p81v125c
        SVQ_NR4_1                                                                                                  um28nchllogl35udl140f_ssgwc0p81v125c
    CC_FIFO_FIFO_DEPTH8_DATA_WIDTH32_AFULL_THRESHOLD6_AEMPTY_THRESHOLD0_0
        SVQ_AN2_MG_1                                                                                               um28nchllogl35udl140f_ssgwc0p81v125c
        SVQ_AO2BB2_1                                                                                               um28nchllogl35udl140f_ssgwc0p81v125c
        SVQ_AO21_U_1                                                                                               um28nchllogl35udl140f_ssgwc0p81v125c
        SVQ_AOI31_1                                                                                                um28nchllogl35udl140f_ssgwc0p81v125c
        SVQ_AOI2222_V2_1                                                                                           um28nchllogl35udl140f_ssgwc0p81v125c
        SVQ_BUF_M_1                                                                                                um28nchllogl35udl140f_ssgwc0p81v125c
        SVQ_EN2_V2_1                                                                                               um28nchllogl35udl140f_ssgwc0p81v125c
        SVQ_EO2_V2_1                                                                                               um28nchllogl35udl140f_ssgwc0p81v125c
        SVQ_EO3_1                                                                                                  um28nchllogl35udl140f_ssgwc0p81v125c
        SVQ_FDPQ_V2_1                                                                                              um28nchllogl35udl140f_ssgwc0p81v125c
        SVQ_INV_1                                                                                                  um28nchllogl35udl140f_ssgwc0p81v125c
        SVQ_INV_S_2                                                                                                um28nchllogl35udl140f_ssgwc0p81v125c
        SVQ_ND2B_V1_1                                                                                              um28nchllogl35udl140f_ssgwc0p81v125c
        SVQ_ND2_0P5                                                                                                um28nchllogl35udl140f_ssgwc0p81v125c
        SVQ_ND2_1                                                                                                  um28nchllogl35udl140f_ssgwc0p81v125c
        SVQ_ND3_1                                                                                                  um28nchllogl35udl140f_ssgwc0p81v125c
        SVQ_ND4_1                                                                                                  um28nchllogl35udl140f_ssgwc0p81v125c
        SVQ_NR2B_1                                                                                                 um28nchllogl35udl140f_ssgwc0p81v125c
        SVQ_NR2B_V1_1                                                                                              um28nchllogl35udl140f_ssgwc0p81v125c
        SVQ_NR2_0P5                                                                                                um28nchllogl35udl140f_ssgwc0p81v125c
        SVQ_NR2_1                                                                                                  um28nchllogl35udl140f_ssgwc0p81v125c
        SVQ_NR4_1                                                                                                  um28nchllogl35udl140f_ssgwc0p81v125c
        SVQ_OAI31_G_1                                                                                              um28nchllogl35udl140f_ssgwc0p81v125c
        SVQ_OAOI211_1                                                                                              um28nchllogl35udl140f_ssgwc0p81v125c
        SVQ_OR2_1                                                                                                  um28nchllogl35udl140f_ssgwc0p81v125c
    CC_FIFO_FIFO_DEPTH8_DATA_WIDTH32_AFULL_THRESHOLD6_AEMPTY_THRESHOLD0_1
        SVQ_AN2_MG_1                                                                                               um28nchllogl35udl140f_ssgwc0p81v125c
        SVQ_AO2BB2_1                                                                                               um28nchllogl35udl140f_ssgwc0p81v125c
        SVQ_AO21_U_1                                                                                               um28nchllogl35udl140f_ssgwc0p81v125c
        SVQ_AOI31_1                                                                                                um28nchllogl35udl140f_ssgwc0p81v125c
        SVQ_AOI2222_V2_1                                                                                           um28nchllogl35udl140f_ssgwc0p81v125c
        SVQ_BUF_M_1                                                                                                um28nchllogl35udl140f_ssgwc0p81v125c
        SVQ_EN2_V2_1                                                                                               um28nchllogl35udl140f_ssgwc0p81v125c
        SVQ_EO2_V2_1                                                                                               um28nchllogl35udl140f_ssgwc0p81v125c
        SVQ_EO3_1                                                                                                  um28nchllogl35udl140f_ssgwc0p81v125c
        SVQ_FDPQ_V2_1                                                                                              um28nchllogl35udl140f_ssgwc0p81v125c
        SVQ_INV_1                                                                                                  um28nchllogl35udl140f_ssgwc0p81v125c
        SVQ_INV_S_2                                                                                                um28nchllogl35udl140f_ssgwc0p81v125c
        SVQ_ND2B_V1_1                                                                                              um28nchllogl35udl140f_ssgwc0p81v125c
        SVQ_ND2_0P5                                                                                                um28nchllogl35udl140f_ssgwc0p81v125c
        SVQ_ND2_1                                                                                                  um28nchllogl35udl140f_ssgwc0p81v125c
        SVQ_ND3_1                                                                                                  um28nchllogl35udl140f_ssgwc0p81v125c
        SVQ_ND4_1                                                                                                  um28nchllogl35udl140f_ssgwc0p81v125c
        SVQ_NR2B_1                                                                                                 um28nchllogl35udl140f_ssgwc0p81v125c
        SVQ_NR2B_V1_1                                                                                              um28nchllogl35udl140f_ssgwc0p81v125c
        SVQ_NR2_0P5                                                                                                um28nchllogl35udl140f_ssgwc0p81v125c
        SVQ_NR2_1                                                                                                  um28nchllogl35udl140f_ssgwc0p81v125c
        SVQ_NR4_1                                                                                                  um28nchllogl35udl140f_ssgwc0p81v125c
        SVQ_OAI31_G_1                                                                                              um28nchllogl35udl140f_ssgwc0p81v125c
        SVQ_OAOI211_1                                                                                              um28nchllogl35udl140f_ssgwc0p81v125c
        SVQ_OR2_1                                                                                                  um28nchllogl35udl140f_ssgwc0p81v125c
    CC_FIFO_FIFO_DEPTH16_DATA_WIDTH4_AFULL_THRESHOLD14_AEMPTY_THRESHOLD0
        SVQ_ADDH_1                                                                                                 um28nchllogl35udl140f_ssgwc0p81v125c
        SVQ_AN2_0P5                                                                                                um28nchllogl35udl140f_ssgwc0p81v125c
        SVQ_AN2_MG_1                                                                                               um28nchllogl35udl140f_ssgwc0p81v125c
        SVQ_AO22_1                                                                                                 um28nchllogl35udl140f_ssgwc0p81v125c
        SVQ_AOI22_0P75                                                                                             um28nchllogl35udl140f_ssgwc0p81v125c
        SVQ_AOI31_1                                                                                                um28nchllogl35udl140f_ssgwc0p81v125c
        SVQ_EN2_V2_0P5                                                                                             um28nchllogl35udl140f_ssgwc0p81v125c
        SVQ_EO2_V2_0P5                                                                                             um28nchllogl35udl140f_ssgwc0p81v125c
        SVQ_EO2_V2_1                                                                                               um28nchllogl35udl140f_ssgwc0p81v125c
        SVQ_FDPQ_V2_1                                                                                              um28nchllogl35udl140f_ssgwc0p81v125c
        SVQ_INV_1                                                                                                  um28nchllogl35udl140f_ssgwc0p81v125c
        SVQ_INV_S_2                                                                                                um28nchllogl35udl140f_ssgwc0p81v125c
        SVQ_MUX2_1                                                                                                 um28nchllogl35udl140f_ssgwc0p81v125c
        SVQ_MUXI2_MG_0P5                                                                                           um28nchllogl35udl140f_ssgwc0p81v125c
        SVQ_ND2B_1                                                                                                 um28nchllogl35udl140f_ssgwc0p81v125c
        SVQ_ND2_1                                                                                                  um28nchllogl35udl140f_ssgwc0p81v125c
        SVQ_ND3_1                                                                                                  um28nchllogl35udl140f_ssgwc0p81v125c
        SVQ_NR2B_1                                                                                                 um28nchllogl35udl140f_ssgwc0p81v125c
        SVQ_NR2_0P5                                                                                                um28nchllogl35udl140f_ssgwc0p81v125c
        SVQ_NR2_1                                                                                                  um28nchllogl35udl140f_ssgwc0p81v125c
        SVQ_NR3_1                                                                                                  um28nchllogl35udl140f_ssgwc0p81v125c
        SVQ_NR4_1                                                                                                  um28nchllogl35udl140f_ssgwc0p81v125c
        SVQ_OA22_1                                                                                                 um28nchllogl35udl140f_ssgwc0p81v125c
        SVQ_OAI21_0P7                                                                                              um28nchllogl35udl140f_ssgwc0p81v125c
        SVQ_OAI22_0P75                                                                                             um28nchllogl35udl140f_ssgwc0p81v125c
        SVQ_OAI31_G_1                                                                                              um28nchllogl35udl140f_ssgwc0p81v125c
        SVQ_OAI221_1                                                                                               um28nchllogl35udl140f_ssgwc0p81v125c
        SVQ_OAI222_1                                                                                               um28nchllogl35udl140f_ssgwc0p81v125c
        SVQ_OR2_1                                                                                                  um28nchllogl35udl140f_ssgwc0p81v125c
    CC_TAG_COMPARATOR_0
        SVQ_AN2_MG_1                                                                                               um28nchllogl35udl140f_ssgwc0p81v125c
        SVQ_AN4_L_1                                                                                                um28nchllogl35udl140f_ssgwc0p81v125c
        SVQ_AO2BB2_0P75                                                                                            um28nchllogl35udl140f_ssgwc0p81v125c
        SVQ_AO22_1                                                                                                 um28nchllogl35udl140f_ssgwc0p81v125c
        SVQ_EN2_F_0P7                                                                                              um28nchllogl35udl140f_ssgwc0p81v125c
        SVQ_EN2_V2_1                                                                                               um28nchllogl35udl140f_ssgwc0p81v125c
        SVQ_EO2_V2_1                                                                                               um28nchllogl35udl140f_ssgwc0p81v125c
        SVQ_EO2_V2_2                                                                                               um28nchllogl35udl140f_ssgwc0p81v125c
        SVQ_FDPQ_V2_1                                                                                              um28nchllogl35udl140f_ssgwc0p81v125c
        SVQ_INV_1                                                                                                  um28nchllogl35udl140f_ssgwc0p81v125c
        SVQ_INV_S_2                                                                                                um28nchllogl35udl140f_ssgwc0p81v125c
        SVQ_ND2_0P5                                                                                                um28nchllogl35udl140f_ssgwc0p81v125c
        SVQ_ND2_1                                                                                                  um28nchllogl35udl140f_ssgwc0p81v125c
        SVQ_ND2_S_0P5                                                                                              um28nchllogl35udl140f_ssgwc0p81v125c
        SVQ_ND3_1                                                                                                  um28nchllogl35udl140f_ssgwc0p81v125c
        SVQ_ND3_S_1                                                                                                um28nchllogl35udl140f_ssgwc0p81v125c
        SVQ_ND4_1                                                                                                  um28nchllogl35udl140f_ssgwc0p81v125c
        SVQ_NR2_1                                                                                                  um28nchllogl35udl140f_ssgwc0p81v125c
        SVQ_NR3_1                                                                                                  um28nchllogl35udl140f_ssgwc0p81v125c
        SVQ_OA21_1                                                                                                 um28nchllogl35udl140f_ssgwc0p81v125c
        SVQ_OR2_1                                                                                                  um28nchllogl35udl140f_ssgwc0p81v125c
    CC_TAG_COMPARATOR_1
        SVQ_AN2_MG_1                                                                                               um28nchllogl35udl140f_ssgwc0p81v125c
        SVQ_AO2BB2_0P75                                                                                            um28nchllogl35udl140f_ssgwc0p81v125c
        SVQ_AO22_1                                                                                                 um28nchllogl35udl140f_ssgwc0p81v125c
        SVQ_EN2_V2_1                                                                                               um28nchllogl35udl140f_ssgwc0p81v125c
        SVQ_EO2_V2_1                                                                                               um28nchllogl35udl140f_ssgwc0p81v125c
        SVQ_FDPQ_V2_1                                                                                              um28nchllogl35udl140f_ssgwc0p81v125c
        SVQ_INV_1                                                                                                  um28nchllogl35udl140f_ssgwc0p81v125c
        SVQ_INV_S_2                                                                                                um28nchllogl35udl140f_ssgwc0p81v125c
        SVQ_ND2_1                                                                                                  um28nchllogl35udl140f_ssgwc0p81v125c
        SVQ_ND3_S_1                                                                                                um28nchllogl35udl140f_ssgwc0p81v125c
        SVQ_ND4_1                                                                                                  um28nchllogl35udl140f_ssgwc0p81v125c
        SVQ_NR2_1                                                                                                  um28nchllogl35udl140f_ssgwc0p81v125c
        SVQ_NR2_T_1                                                                                                um28nchllogl35udl140f_ssgwc0p81v125c
        SVQ_NR3_G_1                                                                                                um28nchllogl35udl140f_ssgwc0p81v125c
        SVQ_NR3_T_1                                                                                                um28nchllogl35udl140f_ssgwc0p81v125c
        SVQ_OA21_1                                                                                                 um28nchllogl35udl140f_ssgwc0p81v125c
    SVQ_AN2_0P5                                                                                                    um28nchllogl35udl140f_ssgwc0p81v125c
    SVQ_AN2_MG_1                                                                                                   um28nchllogl35udl140f_ssgwc0p81v125c
    SVQ_AN3B_1                                                                                                     um28nchllogl35udl140f_ssgwc0p81v125c
    SVQ_AN4B_1                                                                                                     um28nchllogl35udl140f_ssgwc0p81v125c
    SVQ_AO2BB2_0P75                                                                                                um28nchllogl35udl140f_ssgwc0p81v125c
    SVQ_AO2BB2_1                                                                                                   um28nchllogl35udl140f_ssgwc0p81v125c
    SVQ_AO21B_1                                                                                                    um28nchllogl35udl140f_ssgwc0p81v125c
    SVQ_AO21_1                                                                                                     um28nchllogl35udl140f_ssgwc0p81v125c
    SVQ_AO22_1                                                                                                     um28nchllogl35udl140f_ssgwc0p81v125c
    SVQ_AOAI211_1                                                                                                  um28nchllogl35udl140f_ssgwc0p81v125c
    SVQ_AOI21_S_1                                                                                                  um28nchllogl35udl140f_ssgwc0p81v125c
    SVQ_AOI22_0P75                                                                                                 um28nchllogl35udl140f_ssgwc0p81v125c
    SVQ_AOI221_1                                                                                                   um28nchllogl35udl140f_ssgwc0p81v125c
    SVQ_AOI222_1                                                                                                   um28nchllogl35udl140f_ssgwc0p81v125c
    SVQ_BUF_M_1                                                                                                    um28nchllogl35udl140f_ssgwc0p81v125c
    SVQ_EN2_V2_0P5                                                                                                 um28nchllogl35udl140f_ssgwc0p81v125c
    SVQ_EO2_V2_0P5                                                                                                 um28nchllogl35udl140f_ssgwc0p81v125c
    SVQ_FDPQ_V2_1                                                                                                  um28nchllogl35udl140f_ssgwc0p81v125c
    SVQ_INV_1                                                                                                      um28nchllogl35udl140f_ssgwc0p81v125c
    SVQ_INV_S_0P5                                                                                                  um28nchllogl35udl140f_ssgwc0p81v125c
    SVQ_INV_S_2                                                                                                    um28nchllogl35udl140f_ssgwc0p81v125c
    SVQ_INV_S_4                                                                                                    um28nchllogl35udl140f_ssgwc0p81v125c
    SVQ_MUX2_1                                                                                                     um28nchllogl35udl140f_ssgwc0p81v125c
    SVQ_MUX2_4                                                                                                     um28nchllogl35udl140f_ssgwc0p81v125c
    SVQ_ND2B_1                                                                                                     um28nchllogl35udl140f_ssgwc0p81v125c
    SVQ_ND2B_4                                                                                                     um28nchllogl35udl140f_ssgwc0p81v125c
    SVQ_ND2B_V1_1                                                                                                  um28nchllogl35udl140f_ssgwc0p81v125c
    SVQ_ND2_1                                                                                                      um28nchllogl35udl140f_ssgwc0p81v125c
    SVQ_ND3_1                                                                                                      um28nchllogl35udl140f_ssgwc0p81v125c
    SVQ_ND4_1                                                                                                      um28nchllogl35udl140f_ssgwc0p81v125c
    SVQ_NR2B_1                                                                                                     um28nchllogl35udl140f_ssgwc0p81v125c
    SVQ_NR2B_V1_1                                                                                                  um28nchllogl35udl140f_ssgwc0p81v125c
    SVQ_NR2_0P5                                                                                                    um28nchllogl35udl140f_ssgwc0p81v125c
    SVQ_NR2_1                                                                                                      um28nchllogl35udl140f_ssgwc0p81v125c
    SVQ_NR3_1                                                                                                      um28nchllogl35udl140f_ssgwc0p81v125c
    SVQ_NR4_1                                                                                                      um28nchllogl35udl140f_ssgwc0p81v125c
    SVQ_OA21_1                                                                                                     um28nchllogl35udl140f_ssgwc0p81v125c
    SVQ_OAI21_S_1                                                                                                  um28nchllogl35udl140f_ssgwc0p81v125c
    SVQ_OAI22_0P75                                                                                                 um28nchllogl35udl140f_ssgwc0p81v125c
    SVQ_OAI22_1                                                                                                    um28nchllogl35udl140f_ssgwc0p81v125c
    SVQ_OAI31_G_1                                                                                                  um28nchllogl35udl140f_ssgwc0p81v125c
    SVQ_OAI211_1                                                                                                   um28nchllogl35udl140f_ssgwc0p81v125c
    SVQ_OAI221_1                                                                                                   um28nchllogl35udl140f_ssgwc0p81v125c
    SVQ_OAI222_1                                                                                                   um28nchllogl35udl140f_ssgwc0p81v125c
    SVQ_OAO211_DG_1                                                                                                um28nchllogl35udl140f_ssgwc0p81v125c
    SVQ_OAOI211_1                                                                                                  um28nchllogl35udl140f_ssgwc0p81v125c
    SVQ_OR2_1                                                                                                      um28nchllogl35udl140f_ssgwc0p81v125c
    SVQ_OR3B_1                                                                                                     um28nchllogl35udl140f_ssgwc0p81v125c
    SVQ_TIE0_1                                                                                                     um28nchllogl35udl140f_ssgwc0p81v125c
    SVQ_TIE1_1                                                                                                     um28nchllogl35udl140f_ssgwc0p81v125c
1
