 
****************************************
Report : threshold voltage group
Design : CC_TOP
Version: Q-2019.12-SP5-5
Date   : Wed Feb 25 19:55:27 2026
****************************************

********************************************************************************
                        Threshold Voltage Group Report                         

Vth Group                All                Blackbox           Non-blackbox
Name                    cells                cells                cells
********************************************************************************
LVT35              103625 (100.00%)          0   (0.00%)     103625 (100.00%)   
********************************************************************************

Vth Group                All                Blackbox           Non-blackbox
Name                  cell area            cell area            cell area
********************************************************************************
LVT35            92958.98 (100.00%)       0.00   (0.00%)   92958.98 (100.00%)   
********************************************************************************
1
